Archive member included to satisfy reference by file (symbol)

c:/program files (x86)/atmel/studio/7.0/toolchain/avr8/avr8-gnu-toolchain/bin/../lib/gcc/avr/5.4.0/avr5\libgcc.a(_exit.o)
                              C:/Program Files (x86)/Atmel/Studio/7.0/Packs/atmel/ATmega_DFP/1.7.374/gcc/dev/atmega32a/avr5/crtatmega32a.o (exit)
c:/program files (x86)/atmel/studio/7.0/toolchain/avr8/avr8-gnu-toolchain/bin/../lib/gcc/avr/5.4.0/avr5\libgcc.a(_copy_data.o)
                              HAL/rotary_encoder/sources/rotary_encoder.o (__do_copy_data)
c:/program files (x86)/atmel/studio/7.0/toolchain/avr8/avr8-gnu-toolchain/bin/../lib/gcc/avr/5.4.0/avr5\libgcc.a(_clear_bss.o)
                              HAL/rotary_encoder/sources/rotary_encoder.o (__do_clear_bss)
c:/program files (x86)/atmel/studio/7.0/toolchain/avr8/avr8-gnu-toolchain/bin/../lib/gcc/avr/5.4.0/../../../../avr/lib/avr5\libc.a(sprintf.o)
                              main.o (sprintf)
c:/program files (x86)/atmel/studio/7.0/toolchain/avr8/avr8-gnu-toolchain/bin/../lib/gcc/avr/5.4.0/../../../../avr/lib/avr5\libc.a(vfprintf_std.o)
                              c:/program files (x86)/atmel/studio/7.0/toolchain/avr8/avr8-gnu-toolchain/bin/../lib/gcc/avr/5.4.0/../../../../avr/lib/avr5\libc.a(sprintf.o) (vfprintf)
c:/program files (x86)/atmel/studio/7.0/toolchain/avr8/avr8-gnu-toolchain/bin/../lib/gcc/avr/5.4.0/../../../../avr/lib/avr5\libc.a(strnlen_P.o)
                              c:/program files (x86)/atmel/studio/7.0/toolchain/avr8/avr8-gnu-toolchain/bin/../lib/gcc/avr/5.4.0/../../../../avr/lib/avr5\libc.a(vfprintf_std.o) (strnlen_P)
c:/program files (x86)/atmel/studio/7.0/toolchain/avr8/avr8-gnu-toolchain/bin/../lib/gcc/avr/5.4.0/../../../../avr/lib/avr5\libc.a(strnlen.o)
                              c:/program files (x86)/atmel/studio/7.0/toolchain/avr8/avr8-gnu-toolchain/bin/../lib/gcc/avr/5.4.0/../../../../avr/lib/avr5\libc.a(vfprintf_std.o) (strnlen)
c:/program files (x86)/atmel/studio/7.0/toolchain/avr8/avr8-gnu-toolchain/bin/../lib/gcc/avr/5.4.0/../../../../avr/lib/avr5\libc.a(fputc.o)
                              c:/program files (x86)/atmel/studio/7.0/toolchain/avr8/avr8-gnu-toolchain/bin/../lib/gcc/avr/5.4.0/../../../../avr/lib/avr5\libc.a(vfprintf_std.o) (fputc)
c:/program files (x86)/atmel/studio/7.0/toolchain/avr8/avr8-gnu-toolchain/bin/../lib/gcc/avr/5.4.0/../../../../avr/lib/avr5\libc.a(ultoa_invert.o)
                              c:/program files (x86)/atmel/studio/7.0/toolchain/avr8/avr8-gnu-toolchain/bin/../lib/gcc/avr/5.4.0/../../../../avr/lib/avr5\libc.a(vfprintf_std.o) (__ultoa_invert)
c:/program files (x86)/atmel/studio/7.0/toolchain/avr8/avr8-gnu-toolchain/bin/../lib/gcc/avr/5.4.0/avr5\libgcc.a(_prologue.o)
                              c:/program files (x86)/atmel/studio/7.0/toolchain/avr8/avr8-gnu-toolchain/bin/../lib/gcc/avr/5.4.0/../../../../avr/lib/avr5\libc.a(sprintf.o) (__prologue_saves__)
c:/program files (x86)/atmel/studio/7.0/toolchain/avr8/avr8-gnu-toolchain/bin/../lib/gcc/avr/5.4.0/avr5\libgcc.a(_epilogue.o)
                              c:/program files (x86)/atmel/studio/7.0/toolchain/avr8/avr8-gnu-toolchain/bin/../lib/gcc/avr/5.4.0/../../../../avr/lib/avr5\libc.a(sprintf.o) (__epilogue_restores__)

Allocating common symbols
Common symbol       size              file

acc                 0x4               main.o
acc2                0x1               main.o
buff                0x10              main.o
kk                  0x1               main.o

Discarded input sections

 .data          0x00000000        0x0 C:/Program Files (x86)/Atmel/Studio/7.0/Packs/atmel/ATmega_DFP/1.7.374/gcc/dev/atmega32a/avr5/crtatmega32a.o
 .bss           0x00000000        0x0 C:/Program Files (x86)/Atmel/Studio/7.0/Packs/atmel/ATmega_DFP/1.7.374/gcc/dev/atmega32a/avr5/crtatmega32a.o
 .text          0x00000000        0x0 HAL/DC motor/sources/DC_motor.o
 .data          0x00000000        0x0 HAL/DC motor/sources/DC_motor.o
 .bss           0x00000000        0x0 HAL/DC motor/sources/DC_motor.o
 .text.DC_motor_init
                0x00000000       0x68 HAL/DC motor/sources/DC_motor.o
 .text.DC_motor_set_direction
                0x00000000       0x42 HAL/DC motor/sources/DC_motor.o
 .text.DC_motor_stop
                0x00000000       0x2c HAL/DC motor/sources/DC_motor.o
 .debug_info    0x00000000      0x340 HAL/DC motor/sources/DC_motor.o
 .debug_abbrev  0x00000000      0x10c HAL/DC motor/sources/DC_motor.o
 .debug_loc     0x00000000      0x143 HAL/DC motor/sources/DC_motor.o
 .debug_aranges
                0x00000000       0x30 HAL/DC motor/sources/DC_motor.o
 .debug_ranges  0x00000000       0x20 HAL/DC motor/sources/DC_motor.o
 .debug_line    0x00000000      0x1a9 HAL/DC motor/sources/DC_motor.o
 .debug_str     0x00000000      0x393 HAL/DC motor/sources/DC_motor.o
 .comment       0x00000000       0x31 HAL/DC motor/sources/DC_motor.o
 .debug_frame   0x00000000       0x68 HAL/DC motor/sources/DC_motor.o
 .text          0x00000000        0x0 HAL/LCD_4_bit/sources/LCD_4_bit.o
 .data          0x00000000        0x0 HAL/LCD_4_bit/sources/LCD_4_bit.o
 .bss           0x00000000        0x0 HAL/LCD_4_bit/sources/LCD_4_bit.o
 .text          0x00000000        0x0 HAL/LCD_8_bit/sources/LCD_8_bits.o
 .data          0x00000000        0x0 HAL/LCD_8_bit/sources/LCD_8_bits.o
 .bss           0x00000000        0x0 HAL/LCD_8_bit/sources/LCD_8_bits.o
 .text.LCD_8_bit_init
                0x00000000       0x8e HAL/LCD_8_bit/sources/LCD_8_bits.o
 .text.LCD_8_bit_cmd
                0x00000000       0xd2 HAL/LCD_8_bit/sources/LCD_8_bits.o
 .text.LCD_8_bit_prg_init
                0x00000000       0xda HAL/LCD_8_bit/sources/LCD_8_bits.o
 .text.LCD_8_bit_char
                0x00000000       0xd2 HAL/LCD_8_bit/sources/LCD_8_bits.o
 .text.LCD_8_bit_string
                0x00000000       0x7e HAL/LCD_8_bit/sources/LCD_8_bits.o
 .debug_info    0x00000000      0x8a8 HAL/LCD_8_bit/sources/LCD_8_bits.o
 .debug_abbrev  0x00000000      0x1c3 HAL/LCD_8_bit/sources/LCD_8_bits.o
 .debug_loc     0x00000000      0x483 HAL/LCD_8_bit/sources/LCD_8_bits.o
 .debug_aranges
                0x00000000       0x40 HAL/LCD_8_bit/sources/LCD_8_bits.o
 .debug_ranges  0x00000000       0x30 HAL/LCD_8_bit/sources/LCD_8_bits.o
 .debug_line    0x00000000      0x353 HAL/LCD_8_bit/sources/LCD_8_bits.o
 .debug_str     0x00000000      0x3dc HAL/LCD_8_bit/sources/LCD_8_bits.o
 .comment       0x00000000       0x31 HAL/LCD_8_bit/sources/LCD_8_bits.o
 .debug_frame   0x00000000      0x110 HAL/LCD_8_bit/sources/LCD_8_bits.o
 .text          0x00000000        0x0 HAL/relay/sources/relay.o
 .data          0x00000000        0x0 HAL/relay/sources/relay.o
 .bss           0x00000000        0x0 HAL/relay/sources/relay.o
 .text.relay_toggle
                0x00000000        0x6 HAL/relay/sources/relay.o
 .text          0x00000000        0x0 HAL/rotary_encoder/sources/rotary_encoder.o
 .data          0x00000000        0x0 HAL/rotary_encoder/sources/rotary_encoder.o
 .bss           0x00000000        0x0 HAL/rotary_encoder/sources/rotary_encoder.o
 .text.encoder_reverse_poles
                0x00000000       0xaa HAL/rotary_encoder/sources/rotary_encoder.o
 .bss.pole.1794
                0x00000000        0x1 HAL/rotary_encoder/sources/rotary_encoder.o
 .text          0x00000000        0x0 main.o
 .data          0x00000000        0x0 main.o
 .bss           0x00000000        0x0 main.o
 .data.memory2  0x00000000        0x1 main.o
 .text          0x00000000        0x0 MCAL/DIO/sources/DIO.o
 .data          0x00000000        0x0 MCAL/DIO/sources/DIO.o
 .bss           0x00000000        0x0 MCAL/DIO/sources/DIO.o
 .text.DIO_toggle_pin
                0x00000000       0x30 MCAL/DIO/sources/DIO.o
 .text.DIO_set_direction_port
                0x00000000       0x16 MCAL/DIO/sources/DIO.o
 .text.DIO_write_port
                0x00000000       0x26 MCAL/DIO/sources/DIO.o
 .text.DIO_toggle_port
                0x00000000       0x28 MCAL/DIO/sources/DIO.o
 .text.DIO_toggle_masked_port
                0x00000000       0x2a MCAL/DIO/sources/DIO.o
 .text.DIO_read_port
                0x00000000       0x16 MCAL/DIO/sources/DIO.o
 .text.DIO_enable_disable_pull_up_port
                0x00000000       0x28 MCAL/DIO/sources/DIO.o
 .text.DIO_enable_disable_pull_up_port_with_mask
                0x00000000       0x2a MCAL/DIO/sources/DIO.o
 .text          0x00000000        0x0 MCAL/EXT_INT/sources/EXT_INT.o
 .data          0x00000000        0x0 MCAL/EXT_INT/sources/EXT_INT.o
 .bss           0x00000000        0x0 MCAL/EXT_INT/sources/EXT_INT.o
 .text.INTx_set_sense_control
                0x00000000       0x36 MCAL/EXT_INT/sources/EXT_INT.o
 .text.INTx_interrupt_disable
                0x00000000       0x20 MCAL/EXT_INT/sources/EXT_INT.o
 .text.INTx_interrupt_enable
                0x00000000        0x4 MCAL/EXT_INT/sources/EXT_INT.o
 .text          0x00000000        0x0 MCAL/GINT/sources/GINT.o
 .data          0x00000000        0x0 MCAL/GINT/sources/GINT.o
 .bss           0x00000000        0x0 MCAL/GINT/sources/GINT.o
 .text.GINT_disable_global_interrupt
                0x00000000        0x8 MCAL/GINT/sources/GINT.o
 .text          0x00000000        0x0 c:/program files (x86)/atmel/studio/7.0/toolchain/avr8/avr8-gnu-toolchain/bin/../lib/gcc/avr/5.4.0/avr5\libgcc.a(_exit.o)
 .data          0x00000000        0x0 c:/program files (x86)/atmel/studio/7.0/toolchain/avr8/avr8-gnu-toolchain/bin/../lib/gcc/avr/5.4.0/avr5\libgcc.a(_exit.o)
 .bss           0x00000000        0x0 c:/program files (x86)/atmel/studio/7.0/toolchain/avr8/avr8-gnu-toolchain/bin/../lib/gcc/avr/5.4.0/avr5\libgcc.a(_exit.o)
 .text.libgcc.mul
                0x00000000        0x0 c:/program files (x86)/atmel/studio/7.0/toolchain/avr8/avr8-gnu-toolchain/bin/../lib/gcc/avr/5.4.0/avr5\libgcc.a(_exit.o)
 .text.libgcc.div
                0x00000000        0x0 c:/program files (x86)/atmel/studio/7.0/toolchain/avr8/avr8-gnu-toolchain/bin/../lib/gcc/avr/5.4.0/avr5\libgcc.a(_exit.o)
 .text.libgcc   0x00000000        0x0 c:/program files (x86)/atmel/studio/7.0/toolchain/avr8/avr8-gnu-toolchain/bin/../lib/gcc/avr/5.4.0/avr5\libgcc.a(_exit.o)
 .text.libgcc.prologue
                0x00000000        0x0 c:/program files (x86)/atmel/studio/7.0/toolchain/avr8/avr8-gnu-toolchain/bin/../lib/gcc/avr/5.4.0/avr5\libgcc.a(_exit.o)
 .text.libgcc.builtins
                0x00000000        0x0 c:/program files (x86)/atmel/studio/7.0/toolchain/avr8/avr8-gnu-toolchain/bin/../lib/gcc/avr/5.4.0/avr5\libgcc.a(_exit.o)
 .text.libgcc.fmul
                0x00000000        0x0 c:/program files (x86)/atmel/studio/7.0/toolchain/avr8/avr8-gnu-toolchain/bin/../lib/gcc/avr/5.4.0/avr5\libgcc.a(_exit.o)
 .text.libgcc.fixed
                0x00000000        0x0 c:/program files (x86)/atmel/studio/7.0/toolchain/avr8/avr8-gnu-toolchain/bin/../lib/gcc/avr/5.4.0/avr5\libgcc.a(_exit.o)
 .text          0x00000000        0x0 c:/program files (x86)/atmel/studio/7.0/toolchain/avr8/avr8-gnu-toolchain/bin/../lib/gcc/avr/5.4.0/avr5\libgcc.a(_copy_data.o)
 .data          0x00000000        0x0 c:/program files (x86)/atmel/studio/7.0/toolchain/avr8/avr8-gnu-toolchain/bin/../lib/gcc/avr/5.4.0/avr5\libgcc.a(_copy_data.o)
 .bss           0x00000000        0x0 c:/program files (x86)/atmel/studio/7.0/toolchain/avr8/avr8-gnu-toolchain/bin/../lib/gcc/avr/5.4.0/avr5\libgcc.a(_copy_data.o)
 .text.libgcc.mul
                0x00000000        0x0 c:/program files (x86)/atmel/studio/7.0/toolchain/avr8/avr8-gnu-toolchain/bin/../lib/gcc/avr/5.4.0/avr5\libgcc.a(_copy_data.o)
 .text.libgcc.div
                0x00000000        0x0 c:/program files (x86)/atmel/studio/7.0/toolchain/avr8/avr8-gnu-toolchain/bin/../lib/gcc/avr/5.4.0/avr5\libgcc.a(_copy_data.o)
 .text.libgcc   0x00000000        0x0 c:/program files (x86)/atmel/studio/7.0/toolchain/avr8/avr8-gnu-toolchain/bin/../lib/gcc/avr/5.4.0/avr5\libgcc.a(_copy_data.o)
 .text.libgcc.prologue
                0x00000000        0x0 c:/program files (x86)/atmel/studio/7.0/toolchain/avr8/avr8-gnu-toolchain/bin/../lib/gcc/avr/5.4.0/avr5\libgcc.a(_copy_data.o)
 .text.libgcc.builtins
                0x00000000        0x0 c:/program files (x86)/atmel/studio/7.0/toolchain/avr8/avr8-gnu-toolchain/bin/../lib/gcc/avr/5.4.0/avr5\libgcc.a(_copy_data.o)
 .text.libgcc.fmul
                0x00000000        0x0 c:/program files (x86)/atmel/studio/7.0/toolchain/avr8/avr8-gnu-toolchain/bin/../lib/gcc/avr/5.4.0/avr5\libgcc.a(_copy_data.o)
 .text.libgcc.fixed
                0x00000000        0x0 c:/program files (x86)/atmel/studio/7.0/toolchain/avr8/avr8-gnu-toolchain/bin/../lib/gcc/avr/5.4.0/avr5\libgcc.a(_copy_data.o)
 .text          0x00000000        0x0 c:/program files (x86)/atmel/studio/7.0/toolchain/avr8/avr8-gnu-toolchain/bin/../lib/gcc/avr/5.4.0/avr5\libgcc.a(_clear_bss.o)
 .data          0x00000000        0x0 c:/program files (x86)/atmel/studio/7.0/toolchain/avr8/avr8-gnu-toolchain/bin/../lib/gcc/avr/5.4.0/avr5\libgcc.a(_clear_bss.o)
 .bss           0x00000000        0x0 c:/program files (x86)/atmel/studio/7.0/toolchain/avr8/avr8-gnu-toolchain/bin/../lib/gcc/avr/5.4.0/avr5\libgcc.a(_clear_bss.o)
 .text.libgcc.mul
                0x00000000        0x0 c:/program files (x86)/atmel/studio/7.0/toolchain/avr8/avr8-gnu-toolchain/bin/../lib/gcc/avr/5.4.0/avr5\libgcc.a(_clear_bss.o)
 .text.libgcc.div
                0x00000000        0x0 c:/program files (x86)/atmel/studio/7.0/toolchain/avr8/avr8-gnu-toolchain/bin/../lib/gcc/avr/5.4.0/avr5\libgcc.a(_clear_bss.o)
 .text.libgcc   0x00000000        0x0 c:/program files (x86)/atmel/studio/7.0/toolchain/avr8/avr8-gnu-toolchain/bin/../lib/gcc/avr/5.4.0/avr5\libgcc.a(_clear_bss.o)
 .text.libgcc.prologue
                0x00000000        0x0 c:/program files (x86)/atmel/studio/7.0/toolchain/avr8/avr8-gnu-toolchain/bin/../lib/gcc/avr/5.4.0/avr5\libgcc.a(_clear_bss.o)
 .text.libgcc.builtins
                0x00000000        0x0 c:/program files (x86)/atmel/studio/7.0/toolchain/avr8/avr8-gnu-toolchain/bin/../lib/gcc/avr/5.4.0/avr5\libgcc.a(_clear_bss.o)
 .text.libgcc.fmul
                0x00000000        0x0 c:/program files (x86)/atmel/studio/7.0/toolchain/avr8/avr8-gnu-toolchain/bin/../lib/gcc/avr/5.4.0/avr5\libgcc.a(_clear_bss.o)
 .text.libgcc.fixed
                0x00000000        0x0 c:/program files (x86)/atmel/studio/7.0/toolchain/avr8/avr8-gnu-toolchain/bin/../lib/gcc/avr/5.4.0/avr5\libgcc.a(_clear_bss.o)
 .text          0x00000000        0x0 c:/program files (x86)/atmel/studio/7.0/toolchain/avr8/avr8-gnu-toolchain/bin/../lib/gcc/avr/5.4.0/../../../../avr/lib/avr5\libc.a(sprintf.o)
 .data          0x00000000        0x0 c:/program files (x86)/atmel/studio/7.0/toolchain/avr8/avr8-gnu-toolchain/bin/../lib/gcc/avr/5.4.0/../../../../avr/lib/avr5\libc.a(sprintf.o)
 .bss           0x00000000        0x0 c:/program files (x86)/atmel/studio/7.0/toolchain/avr8/avr8-gnu-toolchain/bin/../lib/gcc/avr/5.4.0/../../../../avr/lib/avr5\libc.a(sprintf.o)
 .text          0x00000000        0x0 c:/program files (x86)/atmel/studio/7.0/toolchain/avr8/avr8-gnu-toolchain/bin/../lib/gcc/avr/5.4.0/../../../../avr/lib/avr5\libc.a(vfprintf_std.o)
 .data          0x00000000        0x0 c:/program files (x86)/atmel/studio/7.0/toolchain/avr8/avr8-gnu-toolchain/bin/../lib/gcc/avr/5.4.0/../../../../avr/lib/avr5\libc.a(vfprintf_std.o)
 .bss           0x00000000        0x0 c:/program files (x86)/atmel/studio/7.0/toolchain/avr8/avr8-gnu-toolchain/bin/../lib/gcc/avr/5.4.0/../../../../avr/lib/avr5\libc.a(vfprintf_std.o)
 .text          0x00000000        0x0 c:/program files (x86)/atmel/studio/7.0/toolchain/avr8/avr8-gnu-toolchain/bin/../lib/gcc/avr/5.4.0/../../../../avr/lib/avr5\libc.a(strnlen_P.o)
 .data          0x00000000        0x0 c:/program files (x86)/atmel/studio/7.0/toolchain/avr8/avr8-gnu-toolchain/bin/../lib/gcc/avr/5.4.0/../../../../avr/lib/avr5\libc.a(strnlen_P.o)
 .bss           0x00000000        0x0 c:/program files (x86)/atmel/studio/7.0/toolchain/avr8/avr8-gnu-toolchain/bin/../lib/gcc/avr/5.4.0/../../../../avr/lib/avr5\libc.a(strnlen_P.o)
 .text          0x00000000        0x0 c:/program files (x86)/atmel/studio/7.0/toolchain/avr8/avr8-gnu-toolchain/bin/../lib/gcc/avr/5.4.0/../../../../avr/lib/avr5\libc.a(strnlen.o)
 .data          0x00000000        0x0 c:/program files (x86)/atmel/studio/7.0/toolchain/avr8/avr8-gnu-toolchain/bin/../lib/gcc/avr/5.4.0/../../../../avr/lib/avr5\libc.a(strnlen.o)
 .bss           0x00000000        0x0 c:/program files (x86)/atmel/studio/7.0/toolchain/avr8/avr8-gnu-toolchain/bin/../lib/gcc/avr/5.4.0/../../../../avr/lib/avr5\libc.a(strnlen.o)
 .text          0x00000000        0x0 c:/program files (x86)/atmel/studio/7.0/toolchain/avr8/avr8-gnu-toolchain/bin/../lib/gcc/avr/5.4.0/../../../../avr/lib/avr5\libc.a(fputc.o)
 .data          0x00000000        0x0 c:/program files (x86)/atmel/studio/7.0/toolchain/avr8/avr8-gnu-toolchain/bin/../lib/gcc/avr/5.4.0/../../../../avr/lib/avr5\libc.a(fputc.o)
 .bss           0x00000000        0x0 c:/program files (x86)/atmel/studio/7.0/toolchain/avr8/avr8-gnu-toolchain/bin/../lib/gcc/avr/5.4.0/../../../../avr/lib/avr5\libc.a(fputc.o)
 .text          0x00000000        0x0 c:/program files (x86)/atmel/studio/7.0/toolchain/avr8/avr8-gnu-toolchain/bin/../lib/gcc/avr/5.4.0/../../../../avr/lib/avr5\libc.a(ultoa_invert.o)
 .data          0x00000000        0x0 c:/program files (x86)/atmel/studio/7.0/toolchain/avr8/avr8-gnu-toolchain/bin/../lib/gcc/avr/5.4.0/../../../../avr/lib/avr5\libc.a(ultoa_invert.o)
 .bss           0x00000000        0x0 c:/program files (x86)/atmel/studio/7.0/toolchain/avr8/avr8-gnu-toolchain/bin/../lib/gcc/avr/5.4.0/../../../../avr/lib/avr5\libc.a(ultoa_invert.o)
 .text          0x00000000        0x0 c:/program files (x86)/atmel/studio/7.0/toolchain/avr8/avr8-gnu-toolchain/bin/../lib/gcc/avr/5.4.0/avr5\libgcc.a(_prologue.o)
 .data          0x00000000        0x0 c:/program files (x86)/atmel/studio/7.0/toolchain/avr8/avr8-gnu-toolchain/bin/../lib/gcc/avr/5.4.0/avr5\libgcc.a(_prologue.o)
 .bss           0x00000000        0x0 c:/program files (x86)/atmel/studio/7.0/toolchain/avr8/avr8-gnu-toolchain/bin/../lib/gcc/avr/5.4.0/avr5\libgcc.a(_prologue.o)
 .text.libgcc.mul
                0x00000000        0x0 c:/program files (x86)/atmel/studio/7.0/toolchain/avr8/avr8-gnu-toolchain/bin/../lib/gcc/avr/5.4.0/avr5\libgcc.a(_prologue.o)
 .text.libgcc.div
                0x00000000        0x0 c:/program files (x86)/atmel/studio/7.0/toolchain/avr8/avr8-gnu-toolchain/bin/../lib/gcc/avr/5.4.0/avr5\libgcc.a(_prologue.o)
 .text.libgcc   0x00000000        0x0 c:/program files (x86)/atmel/studio/7.0/toolchain/avr8/avr8-gnu-toolchain/bin/../lib/gcc/avr/5.4.0/avr5\libgcc.a(_prologue.o)
 .text.libgcc.builtins
                0x00000000        0x0 c:/program files (x86)/atmel/studio/7.0/toolchain/avr8/avr8-gnu-toolchain/bin/../lib/gcc/avr/5.4.0/avr5\libgcc.a(_prologue.o)
 .text.libgcc.fmul
                0x00000000        0x0 c:/program files (x86)/atmel/studio/7.0/toolchain/avr8/avr8-gnu-toolchain/bin/../lib/gcc/avr/5.4.0/avr5\libgcc.a(_prologue.o)
 .text.libgcc.fixed
                0x00000000        0x0 c:/program files (x86)/atmel/studio/7.0/toolchain/avr8/avr8-gnu-toolchain/bin/../lib/gcc/avr/5.4.0/avr5\libgcc.a(_prologue.o)
 .text          0x00000000        0x0 c:/program files (x86)/atmel/studio/7.0/toolchain/avr8/avr8-gnu-toolchain/bin/../lib/gcc/avr/5.4.0/avr5\libgcc.a(_epilogue.o)
 .data          0x00000000        0x0 c:/program files (x86)/atmel/studio/7.0/toolchain/avr8/avr8-gnu-toolchain/bin/../lib/gcc/avr/5.4.0/avr5\libgcc.a(_epilogue.o)
 .bss           0x00000000        0x0 c:/program files (x86)/atmel/studio/7.0/toolchain/avr8/avr8-gnu-toolchain/bin/../lib/gcc/avr/5.4.0/avr5\libgcc.a(_epilogue.o)
 .text.libgcc.mul
                0x00000000        0x0 c:/program files (x86)/atmel/studio/7.0/toolchain/avr8/avr8-gnu-toolchain/bin/../lib/gcc/avr/5.4.0/avr5\libgcc.a(_epilogue.o)
 .text.libgcc.div
                0x00000000        0x0 c:/program files (x86)/atmel/studio/7.0/toolchain/avr8/avr8-gnu-toolchain/bin/../lib/gcc/avr/5.4.0/avr5\libgcc.a(_epilogue.o)
 .text.libgcc   0x00000000        0x0 c:/program files (x86)/atmel/studio/7.0/toolchain/avr8/avr8-gnu-toolchain/bin/../lib/gcc/avr/5.4.0/avr5\libgcc.a(_epilogue.o)
 .text.libgcc.builtins
                0x00000000        0x0 c:/program files (x86)/atmel/studio/7.0/toolchain/avr8/avr8-gnu-toolchain/bin/../lib/gcc/avr/5.4.0/avr5\libgcc.a(_epilogue.o)
 .text.libgcc.fmul
                0x00000000        0x0 c:/program files (x86)/atmel/studio/7.0/toolchain/avr8/avr8-gnu-toolchain/bin/../lib/gcc/avr/5.4.0/avr5\libgcc.a(_epilogue.o)
 .text.libgcc.fixed
                0x00000000        0x0 c:/program files (x86)/atmel/studio/7.0/toolchain/avr8/avr8-gnu-toolchain/bin/../lib/gcc/avr/5.4.0/avr5\libgcc.a(_epilogue.o)

Memory Configuration

Name             Origin             Length             Attributes
text             0x00000000         0x00008000         xr
data             0x00800060         0x00000800         rw !x
eeprom           0x00810000         0x00000400         rw !x
fuse             0x00820000         0x00000002         rw !x
lock             0x00830000         0x00000400         rw !x
signature        0x00840000         0x00000400         rw !x
user_signatures  0x00850000         0x00000400         rw !x
*default*        0x00000000         0xffffffff

Linker script and memory map

LOAD C:/Program Files (x86)/Atmel/Studio/7.0/Packs/atmel/ATmega_DFP/1.7.374/gcc/dev/atmega32a/avr5/crtatmega32a.o
LOAD HAL/DC motor/sources/DC_motor.o
LOAD HAL/LCD_4_bit/sources/LCD_4_bit.o
LOAD HAL/LCD_8_bit/sources/LCD_8_bits.o
LOAD HAL/relay/sources/relay.o
LOAD HAL/rotary_encoder/sources/rotary_encoder.o
LOAD main.o
LOAD MCAL/DIO/sources/DIO.o
LOAD MCAL/EXT_INT/sources/EXT_INT.o
LOAD MCAL/GINT/sources/GINT.o
START GROUP
LOAD c:/program files (x86)/atmel/studio/7.0/toolchain/avr8/avr8-gnu-toolchain/bin/../lib/gcc/avr/5.4.0/../../../../avr/lib/avr5\libm.a
END GROUP
START GROUP
LOAD c:/program files (x86)/atmel/studio/7.0/toolchain/avr8/avr8-gnu-toolchain/bin/../lib/gcc/avr/5.4.0/avr5\libgcc.a
LOAD c:/program files (x86)/atmel/studio/7.0/toolchain/avr8/avr8-gnu-toolchain/bin/../lib/gcc/avr/5.4.0/../../../../avr/lib/avr5\libm.a
LOAD c:/program files (x86)/atmel/studio/7.0/toolchain/avr8/avr8-gnu-toolchain/bin/../lib/gcc/avr/5.4.0/../../../../avr/lib/avr5\libc.a
LOAD C:/Program Files (x86)/Atmel/Studio/7.0/Packs/atmel/ATmega_DFP/1.7.374/gcc/dev/atmega32a/avr5\libatmega32a.a
END GROUP
                [0x00000000]                __TEXT_REGION_ORIGIN__ = DEFINED (__TEXT_REGION_ORIGIN__)?__TEXT_REGION_ORIGIN__:0x0
                [0x00800060]                __DATA_REGION_ORIGIN__ = DEFINED (__DATA_REGION_ORIGIN__)?__DATA_REGION_ORIGIN__:0x800060
                [0x00008000]                __TEXT_REGION_LENGTH__ = DEFINED (__TEXT_REGION_LENGTH__)?__TEXT_REGION_LENGTH__:0x20000
                [0x00000800]                __DATA_REGION_LENGTH__ = DEFINED (__DATA_REGION_LENGTH__)?__DATA_REGION_LENGTH__:0xffa0
                [0x00000400]                __EEPROM_REGION_LENGTH__ = DEFINED (__EEPROM_REGION_LENGTH__)?__EEPROM_REGION_LENGTH__:0x10000
                [0x00000002]                __FUSE_REGION_LENGTH__ = DEFINED (__FUSE_REGION_LENGTH__)?__FUSE_REGION_LENGTH__:0x400
                0x00000400                __LOCK_REGION_LENGTH__ = DEFINED (__LOCK_REGION_LENGTH__)?__LOCK_REGION_LENGTH__:0x400
                0x00000400                __SIGNATURE_REGION_LENGTH__ = DEFINED (__SIGNATURE_REGION_LENGTH__)?__SIGNATURE_REGION_LENGTH__:0x400
                0x00000400                __USER_SIGNATURE_REGION_LENGTH__ = DEFINED (__USER_SIGNATURE_REGION_LENGTH__)?__USER_SIGNATURE_REGION_LENGTH__:0x400

.hash
 *(.hash)

.dynsym
 *(.dynsym)

.dynstr
 *(.dynstr)

.gnu.version
 *(.gnu.version)

.gnu.version_d
 *(.gnu.version_d)

.gnu.version_r
 *(.gnu.version_r)

.rel.init
 *(.rel.init)

.rela.init
 *(.rela.init)

.rel.text
 *(.rel.text)
 *(.rel.text.*)
 *(.rel.gnu.linkonce.t*)

.rela.text
 *(.rela.text)
 *(.rela.text.*)
 *(.rela.gnu.linkonce.t*)

.rel.fini
 *(.rel.fini)

.rela.fini
 *(.rela.fini)

.rel.rodata
 *(.rel.rodata)
 *(.rel.rodata.*)
 *(.rel.gnu.linkonce.r*)

.rela.rodata
 *(.rela.rodata)
 *(.rela.rodata.*)
 *(.rela.gnu.linkonce.r*)

.rel.data
 *(.rel.data)
 *(.rel.data.*)
 *(.rel.gnu.linkonce.d*)

.rela.data
 *(.rela.data)
 *(.rela.data.*)
 *(.rela.gnu.linkonce.d*)

.rel.ctors
 *(.rel.ctors)

.rela.ctors
 *(.rela.ctors)

.rel.dtors
 *(.rel.dtors)

.rela.dtors
 *(.rela.dtors)

.rel.got
 *(.rel.got)

.rela.got
 *(.rela.got)

.rel.bss
 *(.rel.bss)

.rela.bss
 *(.rela.bss)

.rel.plt
 *(.rel.plt)

.rela.plt
 *(.rela.plt)

.text           0x00000000     0x1308
 *(.vectors)
 .vectors       0x00000000       0x54 C:/Program Files (x86)/Atmel/Studio/7.0/Packs/atmel/ATmega_DFP/1.7.374/gcc/dev/atmega32a/avr5/crtatmega32a.o
                0x00000000                __vector_default
                0x00000000                __vectors
 *(.vectors)
 *(.progmem.gcc*)
                0x00000054                . = ALIGN (0x2)
                0x00000054                __trampolines_start = .
 *(.trampolines)
 .trampolines   0x00000054        0x0 linker stubs
 *(.trampolines*)
                0x00000054                __trampolines_end = .
 *libprintf_flt.a:*(.progmem.data)
 *libc.a:*(.progmem.data)
 *(.progmem*)
                0x00000054                . = ALIGN (0x2)
 *(.jumptables)
 *(.jumptables*)
 *(.lowtext)
 *(.lowtext*)
                0x00000054                __ctors_start = .
 *(.ctors)
                0x00000054                __ctors_end = .
                0x00000054                __dtors_start = .
 *(.dtors)
                0x00000054                __dtors_end = .
 SORT(*)(.ctors)
 SORT(*)(.dtors)
 *(.init0)
 .init0         0x00000054        0x0 C:/Program Files (x86)/Atmel/Studio/7.0/Packs/atmel/ATmega_DFP/1.7.374/gcc/dev/atmega32a/avr5/crtatmega32a.o
                0x00000054                __init
 *(.init0)
 *(.init1)
 *(.init1)
 *(.init2)
 .init2         0x00000054        0xc C:/Program Files (x86)/Atmel/Studio/7.0/Packs/atmel/ATmega_DFP/1.7.374/gcc/dev/atmega32a/avr5/crtatmega32a.o
 *(.init2)
 *(.init3)
 *(.init3)
 *(.init4)
 .init4         0x00000060       0x16 c:/program files (x86)/atmel/studio/7.0/toolchain/avr8/avr8-gnu-toolchain/bin/../lib/gcc/avr/5.4.0/avr5\libgcc.a(_copy_data.o)
                0x00000060                __do_copy_data
 .init4         0x00000076       0x10 c:/program files (x86)/atmel/studio/7.0/toolchain/avr8/avr8-gnu-toolchain/bin/../lib/gcc/avr/5.4.0/avr5\libgcc.a(_clear_bss.o)
                0x00000076                __do_clear_bss
 *(.init4)
 *(.init5)
 *(.init5)
 *(.init6)
 *(.init6)
 *(.init7)
 *(.init7)
 *(.init8)
 *(.init8)
 *(.init9)
 .init9         0x00000086        0x8 C:/Program Files (x86)/Atmel/Studio/7.0/Packs/atmel/ATmega_DFP/1.7.374/gcc/dev/atmega32a/avr5/crtatmega32a.o
 *(.init9)
 *(.text)
 .text          0x0000008e        0x4 C:/Program Files (x86)/Atmel/Studio/7.0/Packs/atmel/ATmega_DFP/1.7.374/gcc/dev/atmega32a/avr5/crtatmega32a.o
                0x0000008e                __vector_12
                0x0000008e                __bad_interrupt
                0x0000008e                __vector_6
                0x0000008e                __vector_11
                0x0000008e                __vector_13
                0x0000008e                __vector_17
                0x0000008e                __vector_19
                0x0000008e                __vector_7
                0x0000008e                __vector_5
                0x0000008e                __vector_4
                0x0000008e                __vector_9
                0x0000008e                __vector_15
                0x0000008e                __vector_8
                0x0000008e                __vector_14
                0x0000008e                __vector_10
                0x0000008e                __vector_16
                0x0000008e                __vector_18
                0x0000008e                __vector_20
                0x00000092                . = ALIGN (0x2)
 *(.text.*)
 .text.LCD_4_bit_init
                0x00000092       0x58 HAL/LCD_4_bit/sources/LCD_4_bit.o
                0x00000092                LCD_4_bit_init
 .text.LCD_4_bit_cmd
                0x000000ea      0x106 HAL/LCD_4_bit/sources/LCD_4_bit.o
                0x000000ea                LCD_4_bit_cmd
 .text.LCD_4_bit_prg_init
                0x000001f0       0xda HAL/LCD_4_bit/sources/LCD_4_bit.o
                0x000001f0                LCD_4_bit_prg_init
 .text.LCD_4_bit_char
                0x000002ca      0x106 HAL/LCD_4_bit/sources/LCD_4_bit.o
                0x000002ca                LCD_4_bit_char
 .text.LCD_4_bit_string
                0x000003d0       0x5c HAL/LCD_4_bit/sources/LCD_4_bit.o
                0x000003d0                LCD_4_bit_string
 .text.relay_init
                0x0000042c       0x22 HAL/relay/sources/relay.o
                0x0000042c                relay_init
 .text.relay_set_logic
                0x0000044e        0x6 HAL/relay/sources/relay.o
                0x0000044e                relay_set_logic
 .text.encoder_count_down_2
                0x00000454       0x4a HAL/rotary_encoder/sources/rotary_encoder.o
 .text.encoder_count_down_1
                0x0000049e       0x4a HAL/rotary_encoder/sources/rotary_encoder.o
 .text.encoder_count_down_0
                0x000004e8       0x4a HAL/rotary_encoder/sources/rotary_encoder.o
 .text.encoder_count_up_2
                0x00000532       0x4a HAL/rotary_encoder/sources/rotary_encoder.o
 .text.encoder_count_up_1
                0x0000057c       0x4a HAL/rotary_encoder/sources/rotary_encoder.o
 .text.encoder_count_up_0
                0x000005c6       0x4a HAL/rotary_encoder/sources/rotary_encoder.o
 .text.encoder_count_down_2_no_double
                0x00000610       0x32 HAL/rotary_encoder/sources/rotary_encoder.o
 .text.encoder_count_up_0_no_double
                0x00000642       0x32 HAL/rotary_encoder/sources/rotary_encoder.o
 .text.encoder_count_up_1_no_double
                0x00000674       0x32 HAL/rotary_encoder/sources/rotary_encoder.o
 .text.encoder_count_up_2_no_double
                0x000006a6       0x32 HAL/rotary_encoder/sources/rotary_encoder.o
 .text.encoder_count_down_0_no_double
                0x000006d8       0x32 HAL/rotary_encoder/sources/rotary_encoder.o
 .text.encoder_count_down_1_no_double
                0x0000070a       0x32 HAL/rotary_encoder/sources/rotary_encoder.o
 .text.encoder_init
                0x0000073c       0x7c HAL/rotary_encoder/sources/rotary_encoder.o
                0x0000073c                encoder_init
 .text.encoder_get_pulses
                0x000007b8       0x16 HAL/rotary_encoder/sources/rotary_encoder.o
                0x000007b8                encoder_get_pulses
 .text.floor_calc
                0x000007ce       0x52 main.o
                0x000007ce                floor_calc
 .text.floor_calc_2
                0x00000820       0x48 main.o
                0x00000820                floor_calc_2
 .text.startup.main
                0x00000868      0x1ae main.o
                0x00000868                main
 .text.DIO_set_direction_pin
                0x00000a16       0x70 MCAL/DIO/sources/DIO.o
                0x00000a16                DIO_set_direction_pin
 .text.DIO_write_pin
                0x00000a86       0x70 MCAL/DIO/sources/DIO.o
                0x00000a86                DIO_write_pin
 .text.DIO_read_pin
                0x00000af6       0x30 MCAL/DIO/sources/DIO.o
                0x00000af6                DIO_read_pin
 .text.DIO_enable_disable_pull_up_pin
                0x00000b26       0x84 MCAL/DIO/sources/DIO.o
                0x00000b26                DIO_enable_disable_pull_up_pin
 .text.INTx_init
                0x00000baa       0x78 MCAL/EXT_INT/sources/EXT_INT.o
                0x00000baa                INTx_init
 .text.INTx_ISR_callback
                0x00000c22       0x20 MCAL/EXT_INT/sources/EXT_INT.o
                0x00000c22                INTx_ISR_callback
 .text.__vector_1
                0x00000c42       0x4e MCAL/EXT_INT/sources/EXT_INT.o
                0x00000c42                __vector_1
 .text.__vector_2
                0x00000c90       0x4e MCAL/EXT_INT/sources/EXT_INT.o
                0x00000c90                __vector_2
 .text.__vector_3
                0x00000cde       0x4a MCAL/EXT_INT/sources/EXT_INT.o
                0x00000cde                __vector_3
 .text.GINT_enable_global_interrupt
                0x00000d28        0x8 MCAL/GINT/sources/GINT.o
                0x00000d28                GINT_enable_global_interrupt
 .text.avr-libc
                0x00000d30       0x44 c:/program files (x86)/atmel/studio/7.0/toolchain/avr8/avr8-gnu-toolchain/bin/../lib/gcc/avr/5.4.0/../../../../avr/lib/avr5\libc.a(sprintf.o)
                0x00000d30                sprintf
 .text.avr-libc
                0x00000d74      0x3c2 c:/program files (x86)/atmel/studio/7.0/toolchain/avr8/avr8-gnu-toolchain/bin/../lib/gcc/avr/5.4.0/../../../../avr/lib/avr5\libc.a(vfprintf_std.o)
                0x00000d74                vfprintf
 .text.avr-libc
                0x00001136       0x16 c:/program files (x86)/atmel/studio/7.0/toolchain/avr8/avr8-gnu-toolchain/bin/../lib/gcc/avr/5.4.0/../../../../avr/lib/avr5\libc.a(strnlen_P.o)
                0x00001136                strnlen_P
 .text.avr-libc
                0x0000114c       0x16 c:/program files (x86)/atmel/studio/7.0/toolchain/avr8/avr8-gnu-toolchain/bin/../lib/gcc/avr/5.4.0/../../../../avr/lib/avr5\libc.a(strnlen.o)
                0x0000114c                strnlen
 .text.avr-libc
                0x00001162       0x78 c:/program files (x86)/atmel/studio/7.0/toolchain/avr8/avr8-gnu-toolchain/bin/../lib/gcc/avr/5.4.0/../../../../avr/lib/avr5\libc.a(fputc.o)
                0x00001162                fputc
 .text.avr-libc
                0x000011da       0xbc c:/program files (x86)/atmel/studio/7.0/toolchain/avr8/avr8-gnu-toolchain/bin/../lib/gcc/avr/5.4.0/../../../../avr/lib/avr5\libc.a(ultoa_invert.o)
                0x000011da                __ultoa_invert
 .text.libgcc.prologue
                0x00001296       0x38 c:/program files (x86)/atmel/studio/7.0/toolchain/avr8/avr8-gnu-toolchain/bin/../lib/gcc/avr/5.4.0/avr5\libgcc.a(_prologue.o)
                0x00001296                __prologue_saves__
 .text.libgcc.prologue
                0x000012ce       0x36 c:/program files (x86)/atmel/studio/7.0/toolchain/avr8/avr8-gnu-toolchain/bin/../lib/gcc/avr/5.4.0/avr5\libgcc.a(_epilogue.o)
                0x000012ce                __epilogue_restores__
                0x00001304                . = ALIGN (0x2)
 *(.fini9)
 .fini9         0x00001304        0x0 c:/program files (x86)/atmel/studio/7.0/toolchain/avr8/avr8-gnu-toolchain/bin/../lib/gcc/avr/5.4.0/avr5\libgcc.a(_exit.o)
                0x00001304                _exit
                0x00001304                exit
 *(.fini9)
 *(.fini8)
 *(.fini8)
 *(.fini7)
 *(.fini7)
 *(.fini6)
 *(.fini6)
 *(.fini5)
 *(.fini5)
 *(.fini4)
 *(.fini4)
 *(.fini3)
 *(.fini3)
 *(.fini2)
 *(.fini2)
 *(.fini1)
 *(.fini1)
 *(.fini0)
 .fini0         0x00001304        0x4 c:/program files (x86)/atmel/studio/7.0/toolchain/avr8/avr8-gnu-toolchain/bin/../lib/gcc/avr/5.4.0/avr5\libgcc.a(_exit.o)
 *(.fini0)
                0x00001308                _etext = .

.data           0x00800060       0x94 load address 0x00001308
                0x00800060                PROVIDE (__data_start, .)
 *(.data)
 *(.data*)
 .data.selectors
                0x00800060       0x28 main.o
                0x00800060                selectors
 .data.distances
                0x00800088       0x18 main.o
                0x00800088                distances
 .data.memory   0x008000a0        0x4 main.o
                0x008000a0                memory
 *(.gnu.linkonce.d*)
 *(.rodata)
 *(.rodata*)
 .rodata.encoder_count_down_no_double
                0x008000a4        0x6 HAL/rotary_encoder/sources/rotary_encoder.o
 .rodata.encoder_count_down
                0x008000aa        0x6 HAL/rotary_encoder/sources/rotary_encoder.o
 .rodata.encoder_count_up_no_double
                0x008000b0        0x6 HAL/rotary_encoder/sources/rotary_encoder.o
 .rodata.encoder_count_up
                0x008000b6        0x6 HAL/rotary_encoder/sources/rotary_encoder.o
 .rodata.str1.1
                0x008000bc       0x13 main.o
 .rodata.relay2
                0x008000cf        0x1 main.o
                0x008000cf                relay2
 .rodata.relay1
                0x008000d0        0x1 main.o
                0x008000d0                relay1
 .rodata.LCD1   0x008000d1        0x6 main.o
                0x008000d1                LCD1
 .rodata.encoder0
                0x008000d7        0x4 main.o
                0x008000d7                encoder0
 .rodata.PINx   0x008000db        0x8 MCAL/DIO/sources/DIO.o
 .rodata.DDRx   0x008000e3        0x8 MCAL/DIO/sources/DIO.o
 .rodata.PORTx  0x008000eb        0x8 MCAL/DIO/sources/DIO.o
 *(.gnu.linkonce.r*)
                0x008000f4                . = ALIGN (0x2)
 *fill*         0x008000f3        0x1 
                0x008000f4                _edata = .
                0x008000f4                PROVIDE (__data_end, .)

.bss            0x008000f4       0x27
                0x008000f4                PROVIDE (__bss_start, .)
 *(.bss)
 *(.bss*)
 .bss.pulses_counter
                0x008000f4        0xc HAL/rotary_encoder/sources/rotary_encoder.o
 .bss.temp_floor_2.2324
                0x00800100        0x1 main.o
 .bss.INT1_callback_function
                0x00800101        0x2 MCAL/EXT_INT/sources/EXT_INT.o
 .bss.INT0_callback_function
                0x00800103        0x2 MCAL/EXT_INT/sources/EXT_INT.o
 *(COMMON)
 COMMON         0x00800105       0x16 main.o
                0x00800105                acc
                0x00800109                acc2
                0x0080010a                buff
                0x0080011a                kk
                0x0080011b                PROVIDE (__bss_end, .)
                0x00001308                __data_load_start = LOADADDR (.data)
                0x0000139c                __data_load_end = (__data_load_start + SIZEOF (.data))

.noinit         0x0080011b        0x0
                [!provide]                PROVIDE (__noinit_start, .)
 *(.noinit*)
                [!provide]                PROVIDE (__noinit_end, .)
                0x0080011b                _end = .
                [!provide]                PROVIDE (__heap_start, .)

.eeprom         0x00810000        0x0
 *(.eeprom*)
                0x00810000                __eeprom_end = .

.fuse
 *(.fuse)
 *(.lfuse)
 *(.hfuse)
 *(.efuse)

.lock
 *(.lock*)

.signature
 *(.signature*)

.user_signatures
 *(.user_signatures*)

.stab
 *(.stab)

.stabstr
 *(.stabstr)

.stab.excl
 *(.stab.excl)

.stab.exclstr
 *(.stab.exclstr)

.stab.index
 *(.stab.index)

.stab.indexstr
 *(.stab.indexstr)

.comment        0x00000000       0x5c
 *(.comment)
 .comment       0x00000000       0x30 HAL/LCD_4_bit/sources/LCD_4_bit.o
                                 0x31 (size before relaxing)
 .comment       0x00000030       0x31 HAL/relay/sources/relay.o
 .comment       0x00000030       0x31 HAL/rotary_encoder/sources/rotary_encoder.o
 .comment       0x00000030       0x31 main.o
 .comment       0x00000030       0x31 MCAL/DIO/sources/DIO.o
 .comment       0x00000030       0x31 MCAL/EXT_INT/sources/EXT_INT.o
 .comment       0x00000030       0x31 MCAL/GINT/sources/GINT.o
 .comment       0x00000030       0x31 c:/program files (x86)/atmel/studio/7.0/toolchain/avr8/avr8-gnu-toolchain/bin/../lib/gcc/avr/5.4.0/../../../../avr/lib/avr5\libc.a(sprintf.o)
 .comment       0x00000030       0x2c c:/program files (x86)/atmel/studio/7.0/toolchain/avr8/avr8-gnu-toolchain/bin/../lib/gcc/avr/5.4.0/../../../../avr/lib/avr5\libc.a(vfprintf_std.o)
                                 0x2d (size before relaxing)
 .comment       0x0000005c       0x31 c:/program files (x86)/atmel/studio/7.0/toolchain/avr8/avr8-gnu-toolchain/bin/../lib/gcc/avr/5.4.0/../../../../avr/lib/avr5\libc.a(fputc.o)

.note.gnu.avr.deviceinfo
                0x00000000       0x3c
 .note.gnu.avr.deviceinfo
                0x00000000       0x3c C:/Program Files (x86)/Atmel/Studio/7.0/Packs/atmel/ATmega_DFP/1.7.374/gcc/dev/atmega32a/avr5/crtatmega32a.o

.note.gnu.build-id
 *(.note.gnu.build-id)

.debug
 *(.debug)

.line
 *(.line)

.debug_srcinfo
 *(.debug_srcinfo)

.debug_sfnames
 *(.debug_sfnames)

.debug_aranges  0x00000000      0x220
 *(.debug_aranges)
 .debug_aranges
                0x00000000       0x40 HAL/LCD_4_bit/sources/LCD_4_bit.o
 .debug_aranges
                0x00000040       0x30 HAL/relay/sources/relay.o
 .debug_aranges
                0x00000070       0x90 HAL/rotary_encoder/sources/rotary_encoder.o
 .debug_aranges
                0x00000100       0x30 main.o
 .debug_aranges
                0x00000130       0x78 MCAL/DIO/sources/DIO.o
 .debug_aranges
                0x000001a8       0x50 MCAL/EXT_INT/sources/EXT_INT.o
 .debug_aranges
                0x000001f8       0x28 MCAL/GINT/sources/GINT.o

.debug_pubnames
 *(.debug_pubnames)

.debug_info     0x00000000     0x29cb
 *(.debug_info .gnu.linkonce.wi.*)
 .debug_info    0x00000000      0x4e6 C:/Program Files (x86)/Atmel/Studio/7.0/Packs/atmel/ATmega_DFP/1.7.374/gcc/dev/atmega32a/avr5/crtatmega32a.o
 .debug_info    0x000004e6      0xa14 HAL/LCD_4_bit/sources/LCD_4_bit.o
 .debug_info    0x00000efa      0x2c1 HAL/relay/sources/relay.o
 .debug_info    0x000011bb      0x6c8 HAL/rotary_encoder/sources/rotary_encoder.o
 .debug_info    0x00001883      0x744 main.o
 .debug_info    0x00001fc7      0x4eb MCAL/DIO/sources/DIO.o
 .debug_info    0x000024b2      0x480 MCAL/EXT_INT/sources/EXT_INT.o
 .debug_info    0x00002932       0x99 MCAL/GINT/sources/GINT.o

.debug_abbrev   0x00000000      0xd9c
 *(.debug_abbrev)
 .debug_abbrev  0x00000000      0x4a3 C:/Program Files (x86)/Atmel/Studio/7.0/Packs/atmel/ATmega_DFP/1.7.374/gcc/dev/atmega32a/avr5/crtatmega32a.o
 .debug_abbrev  0x000004a3      0x1c3 HAL/LCD_4_bit/sources/LCD_4_bit.o
 .debug_abbrev  0x00000666      0x10d HAL/relay/sources/relay.o
 .debug_abbrev  0x00000773      0x185 HAL/rotary_encoder/sources/rotary_encoder.o
 .debug_abbrev  0x000008f8      0x1e4 main.o
 .debug_abbrev  0x00000adc      0x104 MCAL/DIO/sources/DIO.o
 .debug_abbrev  0x00000be0      0x16b MCAL/EXT_INT/sources/EXT_INT.o
 .debug_abbrev  0x00000d4b       0x51 MCAL/GINT/sources/GINT.o

.debug_line     0x00000000     0x12bf
 *(.debug_line .debug_line.* .debug_line_end)
 .debug_line    0x00000000      0x116 C:/Program Files (x86)/Atmel/Studio/7.0/Packs/atmel/ATmega_DFP/1.7.374/gcc/dev/atmega32a/avr5/crtatmega32a.o
 .debug_line    0x00000116      0x3bf HAL/LCD_4_bit/sources/LCD_4_bit.o
 .debug_line    0x000004d5      0x187 HAL/relay/sources/relay.o
 .debug_line    0x0000065c      0x421 HAL/rotary_encoder/sources/rotary_encoder.o
 .debug_line    0x00000a7d      0x2c0 main.o
 .debug_line    0x00000d3d      0x243 MCAL/DIO/sources/DIO.o
 .debug_line    0x00000f80      0x278 MCAL/EXT_INT/sources/EXT_INT.o
 .debug_line    0x000011f8       0xc7 MCAL/GINT/sources/GINT.o

.debug_frame    0x00000000      0x580
 *(.debug_frame)
 .debug_frame   0x00000000      0x10c HAL/LCD_4_bit/sources/LCD_4_bit.o
 .debug_frame   0x0000010c       0x50 HAL/relay/sources/relay.o
 .debug_frame   0x0000015c      0x134 HAL/rotary_encoder/sources/rotary_encoder.o
 .debug_frame   0x00000290       0x7c main.o
 .debug_frame   0x0000030c       0xd4 MCAL/DIO/sources/DIO.o
 .debug_frame   0x000003e0      0x16c MCAL/EXT_INT/sources/EXT_INT.o
 .debug_frame   0x0000054c       0x34 MCAL/GINT/sources/GINT.o

.debug_str      0x00000000      0xbfa
 *(.debug_str)
 .debug_str     0x00000000      0x196 C:/Program Files (x86)/Atmel/Studio/7.0/Packs/atmel/ATmega_DFP/1.7.374/gcc/dev/atmega32a/avr5/crtatmega32a.o
 .debug_str     0x00000196      0x3a4 HAL/LCD_4_bit/sources/LCD_4_bit.o
                                0x3e4 (size before relaxing)
 .debug_str     0x0000053a       0x86 HAL/relay/sources/relay.o
                                0x36d (size before relaxing)
 .debug_str     0x000005c0      0x2b6 HAL/rotary_encoder/sources/rotary_encoder.o
                                0x568 (size before relaxing)
 .debug_str     0x00000876       0xd5 main.o
                                0x4d2 (size before relaxing)
 .debug_str     0x0000094b      0x12f MCAL/DIO/sources/DIO.o
                                0x47e (size before relaxing)
 .debug_str     0x00000a7a      0x146 MCAL/EXT_INT/sources/EXT_INT.o
                                0x46b (size before relaxing)
 .debug_str     0x00000bc0       0x3a MCAL/GINT/sources/GINT.o
                                0x18f (size before relaxing)

.debug_loc      0x00000000     0x1376
 *(.debug_loc)
 .debug_loc     0x00000000      0x7ae HAL/LCD_4_bit/sources/LCD_4_bit.o
 .debug_loc     0x000007ae       0x94 HAL/relay/sources/relay.o
 .debug_loc     0x00000842       0xf9 HAL/rotary_encoder/sources/rotary_encoder.o
 .debug_loc     0x0000093b      0x26a main.o
 .debug_loc     0x00000ba5      0x37e MCAL/DIO/sources/DIO.o
 .debug_loc     0x00000f23      0x453 MCAL/EXT_INT/sources/EXT_INT.o

.debug_macinfo
 *(.debug_macinfo)

.debug_weaknames
 *(.debug_weaknames)

.debug_funcnames
 *(.debug_funcnames)

.debug_typenames
 *(.debug_typenames)

.debug_varnames
 *(.debug_varnames)

.debug_pubtypes
 *(.debug_pubtypes)

.debug_ranges   0x00000000      0x1c8
 *(.debug_ranges)
 .debug_ranges  0x00000000       0x30 HAL/LCD_4_bit/sources/LCD_4_bit.o
 .debug_ranges  0x00000030       0x20 HAL/relay/sources/relay.o
 .debug_ranges  0x00000050       0x80 HAL/rotary_encoder/sources/rotary_encoder.o
 .debug_ranges  0x000000d0       0x38 main.o
 .debug_ranges  0x00000108       0x68 MCAL/DIO/sources/DIO.o
 .debug_ranges  0x00000170       0x40 MCAL/EXT_INT/sources/EXT_INT.o
 .debug_ranges  0x000001b0       0x18 MCAL/GINT/sources/GINT.o

.debug_macro
 *(.debug_macro)
OUTPUT(review.elf elf32-avr)
LOAD linker stubs
